// Jest Snapshot v1, https://goo.gl/fbAQLP

exports[`renders the component 1`] = `
<div
  className="App"
>
  Hello world! This app is for testing components in React.
</div>
`;
